"/beta/WWTSetup.3.0.60.msi" "https://worldwidetelescope.org/download/";
"/beta/wwtsetup.6.0.11.msi" "https://wwtweb.blob.core.windows.net/drops/wwtsetup.6.0.11.msi";

"/docs/samples/displaycode.htm" "https://worldwidetelescope.github.io/#example-code";
"/docs/samples/sample_wwt web client arrived.html" "https://worldwidetelescope.github.io/#example-code";
"/docs/samples/sample_wwt web client click event.html" "https://worldwidetelescope.github.io/#example-code";
"/docs/samples/sample_wwt web client fov.html" "https://worldwidetelescope.github.io/#example-code";
"/docs/samples/sample_wwt web client local view.html" "https://worldwidetelescope.github.io/#example-code";
"/docs/samples/sample_wwt web client poly.html" "https://worldwidetelescope.github.io/#example-code";
"/docs/samples/sample_wwt web client simple.html" "https://worldwidetelescope.github.io/#example-code";
"/docs/samples/sample_wwtwebclientarrived.html" "https://worldwidetelescope.github.io/#example-code";
"/docs/samples/sample_wwtwebclientclickevent.html" "https://worldwidetelescope.github.io/#example-code";
"/docs/samples/sample_wwtwebclientearthcitysearch.html" "https://worldwidetelescope.github.io/#example-code";
"/docs/samples/sample_wwtwebclientfov.html" "https://worldwidetelescope.github.io/#example-code";
"/docs/samples/sample_wwtwebclientimages.html" "https://worldwidetelescope.github.io/#example-code";
"/docs/samples/sample_wwtwebclientlocalview.html" "https://worldwidetelescope.github.io/#example-code";
"/docs/samples/sample_wwtwebclientmarsexplorer.html" "https://worldwidetelescope.github.io/#example-code";
"/docs/samples/sample_wwtwebclientpoly.html" "https://worldwidetelescope.github.io/#example-code";
"/docs/samples/sample_wwtwebclientsimple.html" "https://worldwidetelescope.github.io/#example-code";
"/docs/samples/sample_wwtwebclienttours.html" "https://worldwidetelescope.github.io/#example-code";
"/docs/samples/wwt web client arrived.html" "https://worldwidetelescope.github.io/#example-code";
"/docs/samples/wwt web client click event.html" "https://worldwidetelescope.github.io/#example-code";
"/docs/samples/wwt web client fov.html" "https://worldwidetelescope.github.io/#example-code";
"/docs/samples/wwt web client local view.html" "https://worldwidetelescope.github.io/#example-code";
"/docs/samples/wwt web client poly.html" "https://worldwidetelescope.github.io/#example-code";
"/docs/samples/wwt web client simple.html" "https://worldwidetelescope.github.io/#example-code";
"/docs/samples/wwtwebclientarrived.html" "https://worldwidetelescope.github.io/#example-code";
"/docs/samples/wwtwebclientarrivedhtml5.html" "https://worldwidetelescope.github.io/#example-code";
"/docs/samples/wwtwebclientclickevent.html" "https://worldwidetelescope.github.io/#example-code";
"/docs/samples/wwtwebclientclickeventhtml5.html" "https://worldwidetelescope.github.io/#example-code";
"/docs/samples/wwtwebclientdistantplanetexplorer.html" "https://worldwidetelescope.github.io/#example-code";
"/docs/samples/wwtwebclientdistantplanetexplorerhtml5.html" "https://worldwidetelescope.github.io/#example-code";
"/docs/samples/wwtwebclientearthcitysearch.html" "https://worldwidetelescope.github.io/#example-code";
"/docs/samples/wwtwebclientearthcitysearchhtml5.html" "https://worldwidetelescope.github.io/#example-code";
"/docs/samples/wwtwebclientfov.html" "https://worldwidetelescope.github.io/#example-code";
"/docs/samples/wwtwebclientfovhtml5.html" "https://worldwidetelescope.github.io/#example-code";
"/docs/samples/wwtwebclientimages.html" "https://worldwidetelescope.github.io/#example-code";
"/docs/samples/wwtwebclientimageshtml5.html" "https://worldwidetelescope.github.io/#example-code";
"/docs/samples/wwtwebclientkepler.html" "https://worldwidetelescope.github.io/#example-code";
"/docs/samples/wwtwebclientlocalview.html" "https://worldwidetelescope.github.io/#example-code";
"/docs/samples/wwtwebclientlocalviewhtml5.html" "https://worldwidetelescope.github.io/#example-code";
"/docs/samples/wwtwebclientmarsexplorer.html" "https://worldwidetelescope.github.io/#example-code";
"/docs/samples/wwtwebclientmarsexplorerhtml5.html" "https://worldwidetelescope.github.io/#example-code";
"/docs/samples/wwtwebclientmessiercatalog.html" "https://worldwidetelescope.github.io/#example-code";
"/docs/samples/wwtwebclientmessiercataloghtml5.html" "https://worldwidetelescope.github.io/#example-code";
"/docs/samples/wwtwebclientmoonexplorer.html" "https://worldwidetelescope.github.io/#example-code";
"/docs/samples/wwtwebclientplanetexplorer.html" "https://worldwidetelescope.github.io/#example-code";
"/docs/samples/wwtwebclientplanetexplorerhtml5.html" "https://worldwidetelescope.github.io/#example-code";
"/docs/samples/wwtwebclientpoly.html" "https://worldwidetelescope.github.io/#example-code";
"/docs/samples/wwtwebclientpolyhtml5.html" "https://worldwidetelescope.github.io/#example-code";
"/docs/samples/wwtwebclientsimple.html" "https://worldwidetelescope.github.io/#example-code";
"/docs/samples/wwtwebclientsimplehtml5.html" "https://worldwidetelescope.github.io/#example-code";
"/docs/samples/wwtwebclientsimpleuihtml5.html" "https://worldwidetelescope.github.io/#example-code";
"/docs/samples/wwtwebclienttour.html" "https://worldwidetelescope.github.io/#example-code";
"/docs/samples/wwtwebclienttours.html" "https://worldwidetelescope.github.io/#example-code";
"/docs/samples/wwtwebclienttourshtml5.html" "https://worldwidetelescope.github.io/#example-code";

"/docs/worldwide-telescope-advanced-guides.epub" "https://docs.worldwidetelescope.org/";
"/docs/worldwide-telescope-advanced-guides.mobi" "https://docs.worldwidetelescope.org/";
"/docs/worldwide-telescope-advanced-guides.pdf" "https://docs.worldwidetelescope.org/";

"/docs/worldwide-telescope-data-files-reference.epub" "https://docs.worldwidetelescope.org/data-guide/1/data-files-formats/";
"/docs/worldwide-telescope-data-files-reference.mobi" "https://docs.worldwidetelescope.org/data-guide/1/data-files-formats/";
"/docs/worldwide-telescope-data-files-reference.pdf" "https://docs.worldwidetelescope.org/data-guide/1/data-files-formats/";
"/docs/worldwidetelescopedatafilesreference.html" "https://docs.worldwidetelescope.org/data-guide/1/data-files-formats/";

"/docs/worldwide-telescope-data-tools-guide.epub" "https://docs.worldwidetelescope.org/data-guide/1/windows-data-tools/";
"/docs/worldwide-telescope-data-tools-guide.mobi" "https://docs.worldwidetelescope.org/data-guide/1/windows-data-tools/";
"/docs/worldwide-telescope-data-tools-guide.pdf" "https://docs.worldwidetelescope.org/data-guide/1/windows-data-tools/";
"/docs/worldwidetelescopedatatoolsguide.html" "https://docs.worldwidetelescope.org/data-guide/1/windows-data-tools/";

"/docs/worldwide-telescope-layer-control-api.epub" "https://docs.worldwidetelescope.org/lcapi-guide/1/";
"/docs/worldwide-telescope-layer-control-api.mobi" "https://docs.worldwidetelescope.org/lcapi-guide/1/";
"/docs/worldwide-telescope-layer-control-api.pdf" "https://docs.worldwidetelescope.org/lcapi-guide/1/";
"/docs/worldwidetelescope_lcapi.html" "https://docs.worldwidetelescope.org/lcapi-guide/1/";
"/docs/worldwidetelescopelcapi.html" "https://docs.worldwidetelescope.org/lcapi-guide/1/";

"/docs/worldwide-telescope-multi-channel-dome-setup.epub" "https://docs.worldwidetelescope.org/planetarium-guide/1/multi-channel-setup/";
"/docs/worldwide-telescope-multi-channel-dome-setup.mobi" "https://docs.worldwidetelescope.org/planetarium-guide/1/multi-channel-setup/";
"/docs/worldwide-telescope-multi-channel-dome-setup.pdf" "https://docs.worldwidetelescope.org/planetarium-guide/1/multi-channel-setup/";

"/docs/worldwide-telescope-planetarium.epub" "https://docs.worldwidetelescope.org/diy-planetarium-dome/1/";
"/docs/worldwide-telescope-planetarium.mobi" "https://docs.worldwidetelescope.org/diy-planetarium-dome/1/";
"/docs/worldwide-telescope-planetarium.pdf" "https://docs.worldwidetelescope.org/diy-planetarium-dome/1/";
"/docs/worldwidetelescopeplanetarium.html" "https://docs.worldwidetelescope.org/diy-planetarium-dome/1/";
"/docs/domespecs.html" "https://docs.worldwidetelescope.org/diy-planetarium-dome/1/";

"/docs/worldwide-telescope-projection-reference.pdf" "https://docs.worldwidetelescope.org/data-guide/1/spherical-projections/";
"/docs/worldwidetelescopeprojectionreference.html" "https://docs.worldwidetelescope.org/data-guide/1/spherical-projections/";

"/docs/worldwide-telescope-user-manual.epub" "https://docs.worldwidetelescope.org/user-manual/1/";
"/docs/worldwide-telescope-user-manual.mobi" "https://docs.worldwidetelescope.org/user-manual/1/";
"/docs/worldwide-telescope-user-manual.pdf" "https://docs.worldwidetelescope.org/user-manual/1/";
"/docs/worldwidetelescopeuserguide.html" "https://docs.worldwidetelescope.org/user-manual/1/";

"/docs/worldwidetelescopesdkgettingstarted.html" "https://worldwidetelescope.gitbook.io/webgl-engine-reference/";
"/docs/worldwidetelescopesdkoverview.html" "https://worldwidetelescope.gitbook.io/webgl-engine-reference/";
"/docs/worldwidetelescopesdkuserguide.chm" "https://worldwidetelescope.gitbook.io/webgl-engine-reference/";
"/docs/worldwide-telescope-web-control-script-reference.pdf" "https://worldwidetelescope.gitbook.io/webgl-engine-reference/";
"/docs/worldwidetelescopewebcontrolscriptreference.html" "https://worldwidetelescope.gitbook.io/webgl-engine-reference/";

"/docs/worldwidetelescopetilepyramidsdk.html" "https://docs.worldwidetelescope.org/data-guide/1/windows-tile-pyramid-sdk/";
"/docs/worldwidetelescopetilepyramidsdksamples.html" "https://docs.worldwidetelescope.org/data-guide/1/windows-tile-pyramid-sdk/";

"/docs/conversiontutorial.htm" "https://docs.worldwidetelescope.org/";
"/docs/worldwidetelescopeadd-inforexceluserguide.chm" "https://docs.worldwidetelescope.org/";
"/docs/worldwidetelescopeexceladdin.html" "https://docs.worldwidetelescope.org/";
"/docs/worldwidetelescopelocalizationtool.html" "https://docs.worldwidetelescope.org/";
"/docs/wwtsdkfactsheet.pdf" "https://docs.worldwidetelescope.org/";

"/equinox" "https://worldwidetelescope.org/download/";
"/equinox/" "https://worldwidetelescope.org/download/";
"/equinox/wwtequinoxsetup.msi" "https://worldwidetelescope.org/download/";

"/getinvolved" "https://worldwidetelescope.org/connect/";
"/getinvolved/" "https://worldwidetelescope.org/connect/";
"/getinvolved/develop" "https://worldwidetelescope.github.io/";
"/getinvolved/greatobservatories" "https://worldwidetelescope.github.io/#example-code";
"/getinvolved/helpothers" "https://worldwidetelescope.org/connect/";
"/getinvolved/importimage" "https://worldwidetelescope.github.io/#example-code";
"/getinvolved/planetexplorer" "https://worldwidetelescope.github.io/#example-code";
"/getinvolved/spectrum" "https://worldwidetelescope.github.io/#example-code";

"/openwwt" "https://worldwidetelescope.org/home/";
"/openwwt/" "https://worldwidetelescope.org/home/";

"/support" "https://worldwidetelescope.org/connect/";
"/support/" "https://worldwidetelescope.org/connect/";
"/support/index" "https://worldwidetelescope.org/connect/";
"/support/issuesandbugs" "https://worldwidetelescope.org/connect/";
"/support/localization" "https://worldwidetelescope.org/connect/";

"/upgrade" "https://worldwidetelescope.org/download/";
"/upgrade/" "https://worldwidetelescope.org/download/";

"/whatis" "https://worldwidetelescope.org/home/";
"/whatis/whatiswwt.aspx" "https://worldwidetelescope.org/home/";