"/docs/samples/displaycode.htm" "https://worldwidetelescope.github.io/#example-code";
"/docs/samples/sample_wwt web client arrived.html" "https://worldwidetelescope.github.io/#example-code";
"/docs/samples/sample_wwt web client click event.html" "https://worldwidetelescope.github.io/#example-code";
"/docs/samples/sample_wwt web client fov.html" "https://worldwidetelescope.github.io/#example-code";
"/docs/samples/sample_wwt web client local view.html" "https://worldwidetelescope.github.io/#example-code";
"/docs/samples/sample_wwt web client poly.html" "https://worldwidetelescope.github.io/#example-code";
"/docs/samples/sample_wwt web client simple.html" "https://worldwidetelescope.github.io/#example-code";
"/docs/samples/sample_wwtwebclientarrived.html" "https://worldwidetelescope.github.io/#example-code";
"/docs/samples/sample_wwtwebclientclickevent.html" "https://worldwidetelescope.github.io/#example-code";
"/docs/samples/sample_wwtwebclientearthcitysearch.html" "https://worldwidetelescope.github.io/#example-code";
"/docs/samples/sample_wwtwebclientfov.html" "https://worldwidetelescope.github.io/#example-code";
"/docs/samples/sample_wwtwebclientimages.html" "https://worldwidetelescope.github.io/#example-code";
"/docs/samples/sample_wwtwebclientlocalview.html" "https://worldwidetelescope.github.io/#example-code";
"/docs/samples/sample_wwtwebclientmarsexplorer.html" "https://worldwidetelescope.github.io/#example-code";
"/docs/samples/sample_wwtwebclientpoly.html" "https://worldwidetelescope.github.io/#example-code";
"/docs/samples/sample_wwtwebclientsimple.html" "https://worldwidetelescope.github.io/#example-code";
"/docs/samples/sample_wwtwebclienttours.html" "https://worldwidetelescope.github.io/#example-code";
"/docs/samples/wwt web client arrived.html" "https://worldwidetelescope.github.io/#example-code";
"/docs/samples/wwt web client click event.html" "https://worldwidetelescope.github.io/#example-code";
"/docs/samples/wwt web client fov.html" "https://worldwidetelescope.github.io/#example-code";
"/docs/samples/wwt web client local view.html" "https://worldwidetelescope.github.io/#example-code";
"/docs/samples/wwt web client poly.html" "https://worldwidetelescope.github.io/#example-code";
"/docs/samples/wwt web client simple.html" "https://worldwidetelescope.github.io/#example-code";
"/docs/samples/wwtwebclientarrived.html" "https://worldwidetelescope.github.io/#example-code";
"/docs/samples/wwtwebclientarrivedhtml5.html" "https://worldwidetelescope.github.io/#example-code";
"/docs/samples/wwtwebclientclickevent.html" "https://worldwidetelescope.github.io/#example-code";
"/docs/samples/wwtwebclientclickeventhtml5.html" "https://worldwidetelescope.github.io/#example-code";
"/docs/samples/wwtwebclientdistantplanetexplorer.html" "https://worldwidetelescope.github.io/#example-code";
"/docs/samples/wwtwebclientdistantplanetexplorerhtml5.html" "https://worldwidetelescope.github.io/#example-code";
"/docs/samples/wwtwebclientearthcitysearch.html" "https://worldwidetelescope.github.io/#example-code";
"/docs/samples/wwtwebclientearthcitysearchhtml5.html" "https://worldwidetelescope.github.io/#example-code";
"/docs/samples/wwtwebclientfov.html" "https://worldwidetelescope.github.io/#example-code";
"/docs/samples/wwtwebclientfovhtml5.html" "https://worldwidetelescope.github.io/#example-code";
"/docs/samples/wwtwebclientimages.html" "https://worldwidetelescope.github.io/#example-code";
"/docs/samples/wwtwebclientimageshtml5.html" "https://worldwidetelescope.github.io/#example-code";
"/docs/samples/wwtwebclientkepler.html" "https://worldwidetelescope.github.io/#example-code";
"/docs/samples/wwtwebclientlocalview.html" "https://worldwidetelescope.github.io/#example-code";
"/docs/samples/wwtwebclientlocalviewhtml5.html" "https://worldwidetelescope.github.io/#example-code";
"/docs/samples/wwtwebclientmarsexplorer.html" "https://worldwidetelescope.github.io/#example-code";
"/docs/samples/wwtwebclientmarsexplorerhtml5.html" "https://worldwidetelescope.github.io/#example-code";
"/docs/samples/wwtwebclientmessiercatalog.html" "https://worldwidetelescope.github.io/#example-code";
"/docs/samples/wwtwebclientmessiercataloghtml5.html" "https://worldwidetelescope.github.io/#example-code";
"/docs/samples/wwtwebclientmoonexplorer.html" "https://worldwidetelescope.github.io/#example-code";
"/docs/samples/wwtwebclientplanetexplorer.html" "https://worldwidetelescope.github.io/#example-code";
"/docs/samples/wwtwebclientplanetexplorerhtml5.html" "https://worldwidetelescope.github.io/#example-code";
"/docs/samples/wwtwebclientpoly.html" "https://worldwidetelescope.github.io/#example-code";
"/docs/samples/wwtwebclientpolyhtml5.html" "https://worldwidetelescope.github.io/#example-code";
"/docs/samples/wwtwebclientsimple.html" "https://worldwidetelescope.github.io/#example-code";
"/docs/samples/wwtwebclientsimplehtml5.html" "https://worldwidetelescope.github.io/#example-code";
"/docs/samples/wwtwebclientsimpleuihtml5.html" "https://worldwidetelescope.github.io/#example-code";
"/docs/samples/wwtwebclienttour.html" "https://worldwidetelescope.github.io/#example-code";
"/docs/samples/wwtwebclienttours.html" "https://worldwidetelescope.github.io/#example-code";
"/docs/samples/wwtwebclienttourshtml5.html" "https://worldwidetelescope.github.io/#example-code";

"/docs/worldwide-telescope-advanced-guides.epub" "https://worldwidetelescope.gitbook.io/advanced-guides/";
"/docs/worldwide-telescope-advanced-guides.mobi" "https://worldwidetelescope.gitbook.io/advanced-guides/";
"/docs/worldwide-telescope-advanced-guides.pdf" "https://worldwidetelescope.gitbook.io/advanced-guides/";

"/docs/worldwide-telescope-data-files-reference.epub" "https://worldwidetelescope.gitbook.io/data-files-reference/";
"/docs/worldwide-telescope-data-files-reference.mobi" "https://worldwidetelescope.gitbook.io/data-files-reference/";
"/docs/worldwide-telescope-data-files-reference.pdf" "https://worldwidetelescope.gitbook.io/data-files-reference/";
"/docs/worldwidetelescopedatafilesreference.html" "https://worldwidetelescope.gitbook.io/data-files-reference/";

"/docs/worldwide-telescope-data-tools-guide.epub" "https://worldwidetelescope.gitbook.io/data-tools-guide/";
"/docs/worldwide-telescope-data-tools-guide.mobi" "https://worldwidetelescope.gitbook.io/data-tools-guide/";
"/docs/worldwide-telescope-data-tools-guide.pdf" "https://worldwidetelescope.gitbook.io/data-tools-guide/";
"/docs/worldwidetelescopedatatoolsguide.html" "https://worldwidetelescope.gitbook.io/data-tools-guide/";

"/docs/worldwide-telescope-layer-control-api.epub" "https://worldwidetelescope.gitbook.io/layer-control-reference/";
"/docs/worldwide-telescope-layer-control-api.mobi" "https://worldwidetelescope.gitbook.io/layer-control-reference/";
"/docs/worldwide-telescope-layer-control-api.pdf" "https://worldwidetelescope.gitbook.io/layer-control-reference/";
"/docs/worldwidetelescope_lcapi.html" "https://worldwidetelescope.gitbook.io/layer-control-reference/";
"/docs/worldwidetelescopelcapi.html" "https://worldwidetelescope.gitbook.io/layer-control-reference/";

"/docs/worldwide-telescope-multi-channel-dome-setup.pdf" "https://worldwidetelescope.gitbook.io/multi-channel-dome-setup/";

"/docs/worldwide-telescope-planetarium.pdf" "https://worldwidetelescope.gitbook.io/planetarium-guide/";
"/docs/worldwidetelescopeplanetarium.html" "https://worldwidetelescope.gitbook.io/planetarium-guide/";
"/docs/domespecs.html" "https://worldwidetelescope.gitbook.io/planetarium-guide/";

"/docs/worldwide-telescope-projection-reference.pdf" "https://worldwidetelescope.gitbook.io/projection-reference/";
"/docs/worldwidetelescopeprojectionreference.html" "https://worldwidetelescope.gitbook.io/projection-reference/";

"/docs/worldwide-telescope-user-manual.pdf" "https://worldwidetelescope.gitbook.io/user-manual/";
"/docs/worldwidetelescopeuserguide.html" "https://worldwidetelescope.gitbook.io/user-manual/";

"/docs/worldwidetelescopesdkgettingstarted.html" "https://worldwidetelescope.gitbook.io/webgl-engine-reference/";
"/docs/worldwidetelescopesdkoverview.html" "https://worldwidetelescope.gitbook.io/webgl-engine-reference/";
"/docs/worldwidetelescopesdkuserguide.chm" "https://worldwidetelescope.gitbook.io/webgl-engine-reference/";
"/docs/worldwide-telescope-web-control-script-reference.pdf" "https://worldwidetelescope.gitbook.io/webgl-engine-reference/";
"/docs/worldwidetelescopewebcontrolscriptreference.html" "https://worldwidetelescope.gitbook.io/webgl-engine-reference/";

"/docs/worldwidetelescopetilepyramidsdk.html" "https://worldwidetelescope.gitbook.io/pyramid-sdk-reference/";
"/docs/worldwidetelescopetilepyramidsdksamples.html" "https://worldwidetelescope.gitbook.io/pyramid-sdk-reference/";

"/docs/conversiontutorial.htm" "https://worldwidetelescope.github.io/#documentation";
"/docs/worldwidetelescopeadd-inforexceluserguide.chm" "https://worldwidetelescope.github.io/#documentation";
"/docs/worldwidetelescopeexceladdin.html" "https://worldwidetelescope.github.io/#documentation";
"/docs/worldwidetelescopelocalizationtool.html" "https://worldwidetelescope.github.io/#documentation";
"/docs/wwtsdkfactsheet.pdf" "https://worldwidetelescope.github.io/#documentation";
